Input driver version is 1.0.1
Input device ID: bus 0x5 vendor 0x2b54 product 0x1600 version 0x0
Input device name: "Bluetooth remote Consumer Control"
Supported events:
  Event type 0 (EV_SYN)
  Event type 1 (EV_KEY)
    Event code 1 (KEY_ESC)
    Event code 28 (KEY_ENTER)
    Event code 74 (KEY_KPMINUS)
    Event code 78 (KEY_KPPLUS)
    Event code 103 (KEY_UP)
    Event code 105 (KEY_LEFT)
    Event code 106 (KEY_RIGHT)
    Event code 108 (KEY_DOWN)
    Event code 110 (KEY_INSERT)
    Event code 111 (KEY_DELETE)
    Event code 113 (KEY_MUTE)
    Event code 114 (KEY_VOLUMEDOWN)
    Event code 115 (KEY_VOLUMEUP)
    Event code 116 (KEY_POWER)
    Event code 119 (KEY_PAUSE)
    Event code 128 (KEY_STOP)
    Event code 130 (KEY_PROPS)
    Event code 131 (KEY_UNDO)
    Event code 133 (KEY_COPY)
    Event code 134 (KEY_OPEN)
    Event code 135 (KEY_PASTE)
    Event code 136 (KEY_FIND)
    Event code 137 (KEY_CUT)
    Event code 138 (KEY_HELP)
    Event code 140 (KEY_CALC)
    Event code 141 (KEY_SETUP)
    Event code 142 (KEY_SLEEP)
    Event code 144 (KEY_FILE)
    Event code 148 (KEY_PROG1)
    Event code 149 (KEY_PROG2)
    Event code 150 (KEY_WWW)
    Event code 152 (KEY_SCREENLOCK)
    Event code 155 (KEY_MAIL)
    Event code 156 (KEY_BOOKMARKS)
    Event code 158 (KEY_BACK)
    Event code 159 (KEY_FORWARD)
    Event code 161 (KEY_EJECTCD)
    Event code 163 (KEY_NEXTSONG)
    Event code 164 (KEY_PLAYPAUSE)
    Event code 165 (KEY_PREVIOUSSONG)
    Event code 166 (KEY_STOPCD)
    Event code 167 (KEY_RECORD)
    Event code 168 (KEY_REWIND)
    Event code 169 (KEY_PHONE)
    Event code 171 (KEY_CONFIG)
    Event code 172 (KEY_HOMEPAGE)
    Event code 173 (KEY_REFRESH)
    Event code 174 (KEY_EXIT)
    Event code 176 (KEY_EDIT)
    Event code 177 (KEY_SCROLLUP)
    Event code 178 (KEY_SCROLLDOWN)
    Event code 181 (KEY_NEW)
    Event code 182 (KEY_REDO)
    Event code 202 (KEY_PROG3)
    Event code 203 (KEY_PROG4)
    Event code 206 (KEY_CLOSE)
    Event code 207 (KEY_PLAY)
    Event code 208 (KEY_FASTFORWARD)
    Event code 209 (KEY_BASSBOOST)
    Event code 210 (KEY_PRINT)
    Event code 212 (KEY_CAMERA)
    Event code 216 (KEY_CHAT)
    Event code 217 (KEY_SEARCH)
    Event code 219 (KEY_FINANCE)
    Event code 223 (KEY_CANCEL)
    Event code 224 (KEY_BRIGHTNESSDOWN)
    Event code 225 (KEY_BRIGHTNESSUP)
    Event code 228 (KEY_KBDILLUMTOGGLE)
    Event code 229 (KEY_KBDILLUMDOWN)
    Event code 230 (KEY_KBDILLUMUP)
    Event code 231 (KEY_SEND)
    Event code 232 (KEY_REPLY)
    Event code 233 (KEY_FORWARDMAIL)
    Event code 234 (KEY_SAVE)
    Event code 235 (KEY_DOCUMENTS)
    Event code 240 (KEY_UNKNOWN)
    Event code 241 (KEY_VIDEO_NEXT)
    Event code 244 (KEY_BRIGHTNESS_ZERO)
    Event code 256 (BTN_0)
    Event code 257 (BTN_1)
    Event code 258 (BTN_2)
    Event code 259 (BTN_3)
    Event code 260 (BTN_4)
    Event code 261 (BTN_5)
    Event code 262 (BTN_6)
    Event code 263 (BTN_7)
    Event code 264 (BTN_8)
    Event code 265 (BTN_9)
    Event code 353 (KEY_SELECT)
    Event code 354 (KEY_GOTO)
    Event code 358 (KEY_INFO)
    Event code 362 (KEY_PROGRAM)
    Event code 366 (KEY_PVR)
    Event code 370 (KEY_SUBTITLE)
    Event code 372 (KEY_ZOOM)
    Event code 374 (KEY_KEYBOARD)
    Event code 375 (KEY_SCREEN)
    Event code 376 (KEY_PC)
    Event code 377 (KEY_TV)
    Event code 378 (KEY_TV2)
    Event code 379 (KEY_VCR)
    Event code 380 (KEY_VCR2)
    Event code 381 (KEY_SAT)
    Event code 383 (KEY_CD)
    Event code 384 (KEY_TAPE)
    Event code 386 (KEY_TUNER)
    Event code 387 (KEY_PLAYER)
    Event code 389 (KEY_DVD)
    Event code 392 (KEY_AUDIO)
    Event code 393 (KEY_VIDEO)
    Event code 396 (KEY_MEMO)
    Event code 397 (KEY_CALENDAR)
    Event code 398 (KEY_RED)
    Event code 399 (KEY_GREEN)
    Event code 400 (KEY_YELLOW)
    Event code 401 (KEY_BLUE)
    Event code 402 (KEY_CHANNELUP)
    Event code 403 (KEY_CHANNELDOWN)
    Event code 405 (KEY_LAST)
    Event code 407 (KEY_NEXT)
    Event code 408 (KEY_RESTART)
    Event code 409 (KEY_SLOW)
    Event code 410 (KEY_SHUFFLE)
    Event code 412 (KEY_PREVIOUS)
    Event code 416 (KEY_VIDEOPHONE)
    Event code 418 (KEY_ZOOMIN)
    Event code 419 (KEY_ZOOMOUT)
    Event code 420 (KEY_ZOOMRESET)
    Event code 421 (KEY_WORDPROCESSOR)
    Event code 422 (KEY_EDITOR)
    Event code 423 (KEY_SPREADSHEET)
    Event code 424 (KEY_GRAPHICSEDITOR)
    Event code 425 (KEY_PRESENTATION)
    Event code 426 (KEY_DATABASE)
    Event code 427 (KEY_NEWS)
    Event code 428 (KEY_VOICEMAIL)
    Event code 429 (KEY_ADDRESSBOOK)
    Event code 430 (KEY_MESSENGER)
    Event code 431 (KEY_DISPLAYTOGGLE)
    Event code 432 (KEY_SPELLCHECK)
    Event code 433 (KEY_LOGOFF)
    Event code 439 (KEY_MEDIA_REPEAT)
    Event code 442 (KEY_IMAGES)
    Event code 576 (KEY_BUTTONCONFIG)
    Event code 577 (KEY_TASKMANAGER)
    Event code 578 (KEY_JOURNAL)
    Event code 579 (KEY_CONTROLPANEL)
    Event code 580 (KEY_APPSELECT)
    Event code 581 (KEY_SCREENSAVER)
    Event code 582 (KEY_VOICECOMMAND)
    Event code 583 (KEY_ASSISTANT)
    Event code 585 (?)
    Event code 586 (?)
    Event code 592 (KEY_BRIGHTNESS_MIN)
    Event code 593 (KEY_BRIGHTNESS_MAX)
  Event type 2 (EV_REL)
    Event code 6 (REL_HWHEEL)
    Event code 12 (REL_HWHEEL_HI_RES)
  Event type 3 (EV_ABS)
    Event code 32 (ABS_VOLUME)
      Value      0
      Min        0
      Max      668
  Event type 4 (EV_MSC)
    Event code 4 (MSC_SCAN)
Properties:
Testing ... (interrupt to exit)
Event: time 1790663474.257316, type 4 (EV_MSC), code 4 (MSC_SCAN), value c0041
Event: time 1790663474.257316, type 1 (EV_KEY), code 353 (KEY_SELECT), value 1
Event: time 1790663474.257316, -------------- SYN_REPORT ------------
Event: time 1790663474.449797, type 4 (EV_MSC), code 4 (MSC_SCAN), value c0041
Event: time 1790663474.449797, type 1 (EV_KEY), code 353 (KEY_SELECT), value 0
Event: time 1790663474.449797, -------------- SYN_REPORT ------------
Event: time 1790663478.492770, type 4 (EV_MSC), code 4 (MSC_SCAN), value c0224
Event: time 1790663478.492770, type 1 (EV_KEY), code 158 (KEY_BACK), value 1
Event: time 1790663478.492770, -------------- SYN_REPORT ------------
Event: time 1790663478.698984, type 4 (EV_MSC), code 4 (MSC_SCAN), value c0224
Event: time 1790663478.698984, type 1 (EV_KEY), code 158 (KEY_BACK), value 0
Event: time 1790663478.698984, -------------- SYN_REPORT ------------
Event: time 1790663482.411977, type 4 (EV_MSC), code 4 (MSC_SCAN), value c008f
Event: time 1790663482.411977, type 1 (EV_KEY), code 141 (KEY_SETUP), value 1
Event: time 1790663482.411977, -------------- SYN_REPORT ------------
Event: time 1790663482.618167, type 4 (EV_MSC), code 4 (MSC_SCAN), value c008f
Event: time 1790663482.618167, type 1 (EV_KEY), code 141 (KEY_SETUP), value 0
Event: time 1790663482.618167, -------------- SYN_REPORT ------------
Event: time 1790663486.702417, type 4 (EV_MSC), code 4 (MSC_SCAN), value c0029
Event: time 1790663486.702417, type 1 (EV_KEY), code 241 (KEY_VIDEO_NEXT), value 1
Event: time 1790663486.702417, -------------- SYN_REPORT ------------
Event: time 1790663486.881112, type 4 (EV_MSC), code 4 (MSC_SCAN), value c0029
Event: time 1790663486.881112, type 1 (EV_KEY), code 241 (KEY_VIDEO_NEXT), value 0
Event: time 1790663486.881112, -------------- SYN_REPORT ------------
Event: time 1790663493.646854, type 4 (EV_MSC), code 4 (MSC_SCAN), value c0040
Event: time 1790663493.646854, type 1 (EV_KEY), code 111 (KEY_DELETE), value 1
Event: time 1790663493.646854, -------------- SYN_REPORT ------------
Event: time 1790663493.839308, type 4 (EV_MSC), code 4 (MSC_SCAN), value c0040
Event: time 1790663493.839308, type 1 (EV_KEY), code 111 (KEY_DELETE), value 0
Event: time 1790663493.839308, -------------- SYN_REPORT ------------
Event: time 1790663497.125948, type 4 (EV_MSC), code 4 (MSC_SCAN), value c0056
Event: time 1790663497.125948, type 1 (EV_KEY), code 148 (KEY_PROG1), value 1
Event: time 1790663497.125948, -------------- SYN_REPORT ------------
Event: time 1790663497.318401, type 4 (EV_MSC), code 4 (MSC_SCAN), value c0056
Event: time 1790663497.318401, type 1 (EV_KEY), code 148 (KEY_PROG1), value 0
Event: time 1790663497.318401, -------------- SYN_REPORT ------------
Event: time 1790663503.231471, type 4 (EV_MSC), code 4 (MSC_SCAN), value c0041
Event: time 1790663503.231471, type 1 (EV_KEY), code 353 (KEY_SELECT), value 1
Event: time 1790663503.231471, -------------- SYN_REPORT ------------
Event: time 1790663503.465225, type 4 (EV_MSC), code 4 (MSC_SCAN), value c0041
Event: time 1790663503.465225, type 1 (EV_KEY), code 353 (KEY_SELECT), value 0
Event: time 1790663503.465225, -------------- SYN_REPORT ------------
Event: time 1790663505.899226, type 4 (EV_MSC), code 4 (MSC_SCAN), value c0224
Event: time 1790663505.899226, type 1 (EV_KEY), code 158 (KEY_BACK), value 1
Event: time 1790663505.899226, -------------- SYN_REPORT ------------
Event: time 1790663506.105391, type 4 (EV_MSC), code 4 (MSC_SCAN), value c0224
Event: time 1790663506.105391, type 1 (EV_KEY), code 158 (KEY_BACK), value 0
Event: time 1790663506.105391, -------------- SYN_REPORT ------------
Event: time 1790663509.116963, type 4 (EV_MSC), code 4 (MSC_SCAN), value c008f
Event: time 1790663509.116963, type 1 (EV_KEY), code 141 (KEY_SETUP), value 1
Event: time 1790663509.116963, -------------- SYN_REPORT ------------
Event: time 1790663509.323187, type 4 (EV_MSC), code 4 (MSC_SCAN), value c008f
Event: time 1790663509.323187, type 1 (EV_KEY), code 141 (KEY_SETUP), value 0
Event: time 1790663509.323187, -------------- SYN_REPORT ------------
Event: time 1790663513.627359, type 4 (EV_MSC), code 4 (MSC_SCAN), value c0029
Event: time 1790663513.627359, type 1 (EV_KEY), code 241 (KEY_VIDEO_NEXT), value 1
Event: time 1790663513.627359, -------------- SYN_REPORT ------------
Event: time 1790663513.861061, type 4 (EV_MSC), code 4 (MSC_SCAN), value c0029
Event: time 1790663513.861061, type 1 (EV_KEY), code 241 (KEY_VIDEO_NEXT), value 0
Event: time 1790663513.861061, -------------- SYN_REPORT ------------
Event: time 1790663518.192691, type 4 (EV_MSC), code 4 (MSC_SCAN), value c0040
Event: time 1790663518.192691, type 1 (EV_KEY), code 111 (KEY_DELETE), value 1
Event: time 1790663518.192691, -------------- SYN_REPORT ------------
Event: time 1790663518.371402, type 4 (EV_MSC), code 4 (MSC_SCAN), value c0040
Event: time 1790663518.371402, type 1 (EV_KEY), code 111 (KEY_DELETE), value 0
Event: time 1790663518.371402, -------------- SYN_REPORT ------------
Event: time 1790663520.956636, type 4 (EV_MSC), code 4 (MSC_SCAN), value c0056
Event: time 1790663520.956636, type 1 (EV_KEY), code 148 (KEY_PROG1), value 1
Event: time 1790663520.956636, -------------- SYN_REPORT ------------
Event: time 1790663521.162857, type 4 (EV_MSC), code 4 (MSC_SCAN), value c0056
Event: time 1790663521.162857, type 1 (EV_KEY), code 148 (KEY_PROG1), value 0
Event: time 1790663521.162857, -------------- SYN_REPORT ------------
Event: time 1790663633.834865, type 4 (EV_MSC), code 4 (MSC_SCAN), value c003f
Event: time 1790663633.834865, type 1 (EV_KEY), code 377 (KEY_TV), value 1
Event: time 1790663633.834865, -------------- SYN_REPORT ------------
Event: time 1790663633.986025, type 4 (EV_MSC), code 4 (MSC_SCAN), value c003f
Event: time 1790663633.986025, type 1 (EV_KEY), code 377 (KEY_TV), value 0
Event: time 1790663633.986025, -------------- SYN_REPORT ------------
Event: time 1790663636.722366, type 4 (EV_MSC), code 4 (MSC_SCAN), value c003a
Event: time 1790663636.722366, type 1 (EV_KEY), code 580 (KEY_APPSELECT), value 1
Event: time 1790663636.722366, -------------- SYN_REPORT ------------
Event: time 1790663636.928658, type 4 (EV_MSC), code 4 (MSC_SCAN), value c003a
Event: time 1790663636.928658, type 1 (EV_KEY), code 580 (KEY_APPSELECT), value 0
Event: time 1790663636.928658, -------------- SYN_REPORT ------------
Event: time 1790663639.417433, type 4 (EV_MSC), code 4 (MSC_SCAN), value c003b
Event: time 1790663639.417433, type 1 (EV_KEY), code 149 (KEY_PROG2), value 1
Event: time 1790663639.417433, -------------- SYN_REPORT ------------
Event: time 1790663639.623611, type 4 (EV_MSC), code 4 (MSC_SCAN), value c003b
Event: time 1790663639.623611, type 1 (EV_KEY), code 149 (KEY_PROG2), value 0
Event: time 1790663639.623611, -------------- SYN_REPORT ------------
Event: time 1790663642.442464, type 4 (EV_MSC), code 4 (MSC_SCAN), value c003d
Event: time 1790663642.442464, type 1 (EV_KEY), code 202 (KEY_PROG3), value 1
Event: time 1790663642.442464, -------------- SYN_REPORT ------------
Event: time 1790663642.621141, type 4 (EV_MSC), code 4 (MSC_SCAN), value c003d
Event: time 1790663642.621141, type 1 (EV_KEY), code 202 (KEY_PROG3), value 0
Event: time 1790663642.621141, -------------- SYN_REPORT ------------
Event: time 1790663645.261234, type 4 (EV_MSC), code 4 (MSC_SCAN), value c003e
Event: time 1790663645.261234, type 1 (EV_KEY), code 203 (KEY_PROG4), value 1
Event: time 1790663645.261234, -------------- SYN_REPORT ------------
Event: time 1790663645.426159, type 4 (EV_MSC), code 4 (MSC_SCAN), value c003e
Event: time 1790663645.426159, type 1 (EV_KEY), code 203 (KEY_PROG4), value 0
Event: time 1790663645.426159, -------------- SYN_REPORT ------------
Event: time 1790663650.568805, type 4 (EV_MSC), code 4 (MSC_SCAN), value c003f
Event: time 1790663650.568805, type 1 (EV_KEY), code 377 (KEY_TV), value 1
Event: time 1790663650.568805, -------------- SYN_REPORT ------------
Event: time 1790663650.733709, type 4 (EV_MSC), code 4 (MSC_SCAN), value c003f
Event: time 1790663650.733709, type 1 (EV_KEY), code 377 (KEY_TV), value 0
Event: time 1790663650.733709, -------------- SYN_REPORT ------------
Event: time 1790663653.525082, type 4 (EV_MSC), code 4 (MSC_SCAN), value c003a
Event: time 1790663653.525082, type 1 (EV_KEY), code 580 (KEY_APPSELECT), value 1
Event: time 1790663653.525082, -------------- SYN_REPORT ------------
Event: time 1790663653.689981, type 4 (EV_MSC), code 4 (MSC_SCAN), value c003a
Event: time 1790663653.689981, type 1 (EV_KEY), code 580 (KEY_APPSELECT), value 0
Event: time 1790663653.689981, -------------- SYN_REPORT ------------
Event: time 1790663657.155130, type 4 (EV_MSC), code 4 (MSC_SCAN), value c003b
Event: time 1790663657.155130, type 1 (EV_KEY), code 149 (KEY_PROG2), value 1
Event: time 1790663657.155130, -------------- SYN_REPORT ------------
Event: time 1790663657.347561, type 4 (EV_MSC), code 4 (MSC_SCAN), value c003b
Event: time 1790663657.347561, type 1 (EV_KEY), code 149 (KEY_PROG2), value 0
Event: time 1790663657.347561, -------------- SYN_REPORT ------------
Event: time 1790663660.166362, type 4 (EV_MSC), code 4 (MSC_SCAN), value c003d
Event: time 1790663660.166362, type 1 (EV_KEY), code 202 (KEY_PROG3), value 1
Event: time 1790663660.166362, -------------- SYN_REPORT ------------
Event: time 1790663660.358828, type 4 (EV_MSC), code 4 (MSC_SCAN), value c003d
Event: time 1790663660.358828, type 1 (EV_KEY), code 202 (KEY_PROG3), value 0
Event: time 1790663660.358828, -------------- SYN_REPORT ------------
Event: time 1790663662.888881, type 4 (EV_MSC), code 4 (MSC_SCAN), value c003e
Event: time 1790663662.888881, type 1 (EV_KEY), code 203 (KEY_PROG4), value 1
Event: time 1790663662.888881, -------------- SYN_REPORT ------------
Event: time 1790663663.081318, type 4 (EV_MSC), code 4 (MSC_SCAN), value c003e
Event: time 1790663663.081318, type 1 (EV_KEY), code 203 (KEY_PROG4), value 0
Event: time 1790663663.081318, -------------- SYN_REPORT ------------
