Input driver version is 1.0.1
Input device ID: bus 0x19 vendor 0x524b product 0x6 version 0x100
Input device name: "ffa90030.pwm"
Supported events:
  Event type 0 (EV_SYN)
  Event type 1 (EV_KEY)
    Event code 2 (KEY_1)
    Event code 3 (KEY_2)
    Event code 4 (KEY_3)
    Event code 5 (KEY_4)
    Event code 6 (KEY_5)
    Event code 7 (KEY_6)
    Event code 8 (KEY_7)
    Event code 9 (KEY_8)
    Event code 10 (KEY_9)
    Event code 11 (KEY_0)
    Event code 13 (KEY_EQUAL)
    Event code 14 (KEY_BACKSPACE)
    Event code 59 (KEY_F1)
    Event code 60 (KEY_F2)
    Event code 61 (KEY_F3)
    Event code 62 (KEY_F4)
    Event code 63 (KEY_F5)
    Event code 66 (KEY_F8)
    Event code 68 (KEY_F10)
    Event code 69 (KEY_NUMLOCK)
    Event code 102 (KEY_HOME)
    Event code 103 (KEY_UP)
    Event code 104 (KEY_PAGEUP)
    Event code 105 (KEY_LEFT)
    Event code 106 (KEY_RIGHT)
    Event code 107 (KEY_END)
    Event code 108 (KEY_DOWN)
    Event code 109 (KEY_PAGEDOWN)
    Event code 113 (KEY_MUTE)
    Event code 114 (KEY_VOLUMEDOWN)
    Event code 115 (KEY_VOLUMEUP)
    Event code 116 (KEY_POWER)
    Event code 128 (KEY_STOP)
    Event code 138 (KEY_HELP)
    Event code 139 (KEY_MENU)
    Event code 141 (KEY_SETUP)
    Event code 143 (KEY_WAKEUP)
    Event code 158 (KEY_BACK)
    Event code 164 (KEY_PLAYPAUSE)
    Event code 168 (KEY_REWIND)
    Event code 184 (KEY_F14)
    Event code 185 (KEY_F15)
    Event code 189 (KEY_F19)
    Event code 208 (KEY_FASTFORWARD)
    Event code 232 (KEY_REPLY)
    Event code 248 (KEY_MICMUTE)
    Event code 249 (?)
    Event code 250 (?)
    Event code 251 (?)
    Event code 252 (?)
    Event code 253 (?)
    Event code 254 (?)
    Event code 255 (?)
    Event code 256 (BTN_0)
    Event code 257 (BTN_1)
    Event code 258 (BTN_2)
    Event code 259 (BTN_3)
    Event code 260 (BTN_4)
    Event code 261 (BTN_5)
    Event code 262 (BTN_6)
    Event code 263 (BTN_7)
    Event code 264 (BTN_8)
    Event code 265 (BTN_9)
    Event code 266 (?)
    Event code 267 (?)
    Event code 270 (?)
    Event code 388 (KEY_TEXT)
    Event code 400 (KEY_YELLOW)
    Event code 401 (KEY_BLUE)
Properties:
Testing ... (interrupt to exit)
Event: time 1790646295.138166, type 1 (EV_KEY), code 102 (KEY_HOME), value 1
Event: time 1790646295.138166, -------------- SYN_REPORT ------------
Event: time 1790646295.317862, type 1 (EV_KEY), code 102 (KEY_HOME), value 0
Event: time 1790646295.317862, -------------- SYN_REPORT ------------
Event: time 1790646306.011224, type 1 (EV_KEY), code 14 (KEY_BACKSPACE), value 1
Event: time 1790646306.011224, -------------- SYN_REPORT ------------
Event: time 1790646306.301186, type 1 (EV_KEY), code 14 (KEY_BACKSPACE), value 0
Event: time 1790646306.301186, -------------- SYN_REPORT ------------
Event: time 1790646312.783773, type 1 (EV_KEY), code 108 (KEY_DOWN), value 1
Event: time 1790646312.783773, -------------- SYN_REPORT ------------
Event: time 1790646312.964518, type 1 (EV_KEY), code 108 (KEY_DOWN), value 0
Event: time 1790646312.964518, -------------- SYN_REPORT ------------
Event: time 1790646314.630674, type 1 (EV_KEY), code 105 (KEY_LEFT), value 1
Event: time 1790646314.630674, -------------- SYN_REPORT ------------
Event: time 1790646314.811184, type 1 (EV_KEY), code 105 (KEY_LEFT), value 0
Event: time 1790646314.811184, -------------- SYN_REPORT ------------
Event: time 1790646319.659059, type 1 (EV_KEY), code 115 (KEY_VOLUMEUP), value 1
Event: time 1790646319.659059, -------------- SYN_REPORT ------------
Event: time 1790646319.837857, type 1 (EV_KEY), code 115 (KEY_VOLUMEUP), value 0
Event: time 1790646319.837857, -------------- SYN_REPORT ------------
Event: time 1790646322.443963, type 1 (EV_KEY), code 114 (KEY_VOLUMEDOWN), value 1
Event: time 1790646322.443963, -------------- SYN_REPORT ------------
Event: time 1790646322.624523, type 1 (EV_KEY), code 114 (KEY_VOLUMEDOWN), value 0
Event: time 1790646322.624523, -------------- SYN_REPORT ------------
Event: time 1790646325.720815, type 1 (EV_KEY), code 113 (KEY_MUTE), value 1
Event: time 1790646325.720815, -------------- SYN_REPORT ------------
Event: time 1790646325.897852, type 1 (EV_KEY), code 113 (KEY_MUTE), value 0
Event: time 1790646325.897852, -------------- SYN_REPORT ------------
Event: time 1790646329.992770, type 1 (EV_KEY), code 104 (KEY_PAGEUP), value 1
Event: time 1790646329.992770, -------------- SYN_REPORT ------------
Event: time 1790646330.171190, type 1 (EV_KEY), code 104 (KEY_PAGEUP), value 0
Event: time 1790646330.171190, -------------- SYN_REPORT ------------
Event: time 1790646332.203678, type 1 (EV_KEY), code 109 (KEY_PAGEDOWN), value 1
Event: time 1790646332.203678, -------------- SYN_REPORT ------------
Event: time 1790646332.491184, type 1 (EV_KEY), code 109 (KEY_PAGEDOWN), value 0
Event: time 1790646332.491184, -------------- SYN_REPORT ------------
Event: time 1790646337.443035, type 1 (EV_KEY), code 141 (KEY_SETUP), value 1
Event: time 1790646337.443035, -------------- SYN_REPORT ------------
Event: time 1790646337.624522, type 1 (EV_KEY), code 141 (KEY_SETUP), value 0
Event: time 1790646337.624522, -------------- SYN_REPORT ------------
Event: time 1790646341.893868, type 1 (EV_KEY), code 102 (KEY_HOME), value 1
Event: time 1790646341.893868, -------------- SYN_REPORT ------------
Event: time 1790646342.074515, type 1 (EV_KEY), code 102 (KEY_HOME), value 0
Event: time 1790646342.074515, -------------- SYN_REPORT ------------
Event: time 1790646344.613713, type 1 (EV_KEY), code 388 (KEY_TEXT), value 1
Event: time 1790646344.613713, -------------- SYN_REPORT ------------
Event: time 1790646344.794518, type 1 (EV_KEY), code 388 (KEY_TEXT), value 0
Event: time 1790646344.794518, -------------- SYN_REPORT ------------
Event: time 1790646347.499157, type 1 (EV_KEY), code 248 (KEY_MICMUTE), value 1
Event: time 1790646347.499157, -------------- SYN_REPORT ------------
Event: time 1790646347.681179, type 1 (EV_KEY), code 248 (KEY_MICMUTE), value 0
Event: time 1790646347.681179, -------------- SYN_REPORT ------------
Event: time 1790646350.232070, type 1 (EV_KEY), code 185 (KEY_F15), value 1
Event: time 1790646350.232070, -------------- SYN_REPORT ------------
Event: time 1790646350.411180, type 1 (EV_KEY), code 185 (KEY_F15), value 0
Event: time 1790646350.411180, -------------- SYN_REPORT ------------
Event: time 1790646353.227637, type 1 (EV_KEY), code 68 (KEY_F10), value 1
Event: time 1790646353.227637, -------------- SYN_REPORT ------------
Event: time 1790646353.404515, type 1 (EV_KEY), code 68 (KEY_F10), value 0
Event: time 1790646353.404515, -------------- SYN_REPORT ------------
Event: time 1790646356.220298, type 1 (EV_KEY), code 63 (KEY_F5), value 1
Event: time 1790646356.220298, -------------- SYN_REPORT ------------
Event: time 1790646356.401181, type 1 (EV_KEY), code 63 (KEY_F5), value 0
Event: time 1790646356.401181, -------------- SYN_REPORT ------------
Event: time 1790646358.456293, type 1 (EV_KEY), code 66 (KEY_F8), value 1
Event: time 1790646358.456293, -------------- SYN_REPORT ------------
Event: time 1790646358.637851, type 1 (EV_KEY), code 66 (KEY_F8), value 0
Event: time 1790646358.637851, -------------- SYN_REPORT ------------
Event: time 1790646363.080895, type 1 (EV_KEY), code 62 (KEY_F4), value 1
Event: time 1790646363.080895, -------------- SYN_REPORT ------------
Event: time 1790646363.261182, type 1 (EV_KEY), code 62 (KEY_F4), value 0
Event: time 1790646363.261182, -------------- SYN_REPORT ------------
Event: time 1790646365.678361, type 1 (EV_KEY), code 69 (KEY_NUMLOCK), value 1
Event: time 1790646365.678361, -------------- SYN_REPORT ------------
Event: time 1790646365.857843, type 1 (EV_KEY), code 69 (KEY_NUMLOCK), value 0
Event: time 1790646365.857843, -------------- SYN_REPORT ------------
