Input driver version is 1.0.1
Input device ID: bus 0x19 vendor 0x524b product 0x6 version 0x100
Input device name: "ffa90030.pwm"
Supported events:
  Event type 0 (EV_SYN)
  Event type 1 (EV_KEY)
    Event code 2 (KEY_1)
    Event code 3 (KEY_2)
    Event code 4 (KEY_3)
    Event code 5 (KEY_4)
    Event code 6 (KEY_5)
    Event code 7 (KEY_6)
    Event code 8 (KEY_7)
    Event code 9 (KEY_8)
    Event code 10 (KEY_9)
    Event code 11 (KEY_0)
    Event code 13 (KEY_EQUAL)
    Event code 14 (KEY_BACKSPACE)
    Event code 28 (KEY_ENTER)
    Event code 59 (KEY_F1)
    Event code 60 (KEY_F2)
    Event code 61 (KEY_F3)
    Event code 66 (KEY_F8)
    Event code 102 (KEY_HOME)
    Event code 103 (KEY_UP)
    Event code 104 (KEY_PAGEUP)
    Event code 105 (KEY_LEFT)
    Event code 106 (KEY_RIGHT)
    Event code 107 (KEY_END)
    Event code 108 (KEY_DOWN)
    Event code 109 (KEY_PAGEDOWN)
    Event code 111 (KEY_DELETE)
    Event code 113 (KEY_MUTE)
    Event code 114 (KEY_VOLUMEDOWN)
    Event code 115 (KEY_VOLUMEUP)
    Event code 116 (KEY_POWER)
    Event code 128 (KEY_STOP)
    Event code 138 (KEY_HELP)
    Event code 139 (KEY_MENU)
    Event code 141 (KEY_SETUP)
    Event code 143 (KEY_WAKEUP)
    Event code 148 (KEY_PROG1)
    Event code 149 (KEY_PROG2)
    Event code 158 (KEY_BACK)
    Event code 164 (KEY_PLAYPAUSE)
    Event code 168 (KEY_REWIND)
    Event code 184 (KEY_F14)
    Event code 189 (KEY_F19)
    Event code 202 (KEY_PROG3)
    Event code 203 (KEY_PROG4)
    Event code 208 (KEY_FASTFORWARD)
    Event code 217 (KEY_SEARCH)
    Event code 232 (KEY_REPLY)
    Event code 241 (KEY_VIDEO_NEXT)
    Event code 249 (?)
    Event code 250 (?)
    Event code 251 (?)
    Event code 252 (?)
    Event code 253 (?)
    Event code 254 (?)
    Event code 255 (?)
    Event code 256 (BTN_0)
    Event code 257 (BTN_1)
    Event code 258 (BTN_2)
    Event code 259 (BTN_3)
    Event code 260 (BTN_4)
    Event code 261 (BTN_5)
    Event code 262 (BTN_6)
    Event code 263 (BTN_7)
    Event code 264 (BTN_8)
    Event code 265 (BTN_9)
    Event code 266 (?)
    Event code 267 (?)
    Event code 270 (?)
    Event code 377 (KEY_TV)
    Event code 388 (KEY_TEXT)
    Event code 400 (KEY_YELLOW)
    Event code 401 (KEY_BLUE)
    Event code 402 (KEY_CHANNELUP)
    Event code 403 (KEY_CHANNELDOWN)
    Event code 530 (KEY_TOUCHPAD_TOGGLE)
    Event code 580 (KEY_APPSELECT)
Properties:
Testing ... (interrupt to exit)
Event: time 1790665607.623669, type 1 (EV_KEY), code 108 (KEY_DOWN), value 1
Event: time 1790665607.623669, -------------- SYN_REPORT ------------
Event: time 1790665607.803187, type 1 (EV_KEY), code 108 (KEY_DOWN), value 0
Event: time 1790665607.803187, -------------- SYN_REPORT ------------
Event: time 1790665608.545731, type 1 (EV_KEY), code 103 (KEY_UP), value 1
Event: time 1790665608.545731, -------------- SYN_REPORT ------------
Event: time 1790665608.726515, type 1 (EV_KEY), code 103 (KEY_UP), value 0
Event: time 1790665608.726515, -------------- SYN_REPORT ------------
Event: time 1790665610.111464, type 1 (EV_KEY), code 108 (KEY_DOWN), value 1
Event: time 1790665610.111464, -------------- SYN_REPORT ------------
Event: time 1790665610.293189, type 1 (EV_KEY), code 108 (KEY_DOWN), value 0
Event: time 1790665610.293189, -------------- SYN_REPORT ------------
Event: time 1790665610.907763, type 1 (EV_KEY), code 103 (KEY_UP), value 1
Event: time 1790665610.907763, -------------- SYN_REPORT ------------
Event: time 1790665611.086513, type 1 (EV_KEY), code 103 (KEY_UP), value 0
Event: time 1790665611.086513, -------------- SYN_REPORT ------------
Event: time 1790665611.469571, type 1 (EV_KEY), code 28 (KEY_ENTER), value 1
Event: time 1790665611.469571, -------------- SYN_REPORT ------------
Event: time 1790665611.649871, type 1 (EV_KEY), code 28 (KEY_ENTER), value 0
Event: time 1790665611.649871, -------------- SYN_REPORT ------------
